// Jest Snapshot v1, https://goo.gl/fbAQLP

exports[`ContractDefinitionsTree renders contract definitions tree snapshop 1`] = `
<div>
  <div
    style="overflow: scroll; height: 100%;"
  >
    <div />
    <div
      class="sc-bdVaJa cRJnvr"
    >
      <h3
        class="sc-bwzfXH boJNxd"
        data-testid="contract-definitions-tree-header"
      >
        Contract Definitions
      </h3>
      <div
        class="sc-htpNat KtFsv"
      >
        <i
          aria-label="icon: plus"
          class="anticon anticon-plus"
          data-testid="contract-definitions-tree-plus"
          style="color: white; padding-right: 0.5em;"
        >
          <svg
            aria-hidden="true"
            class=""
            data-icon="plus"
            fill="currentColor"
            focusable="false"
            height="1em"
            viewBox="64 64 896 896"
            width="1em"
          >
            <path
              d="M482 152h60q8 0 8 8v704q0 8-8 8h-60q-8 0-8-8V160q0-8 8-8z"
            />
            <path
              d="M176 474h672q8 0 8 8v60q0 8-8 8H176q-8 0-8-8v-60q0-8 8-8z"
            />
          </svg>
        </i>
        <i
          aria-label="icon: down"
          class="anticon anticon-down"
          data-testid="contract-definitions-tree-down"
          style="color: white;"
        >
          <svg
            aria-hidden="true"
            class=""
            data-icon="down"
            fill="currentColor"
            focusable="false"
            height="1em"
            viewBox="64 64 896 896"
            width="1em"
          >
            <path
              d="M884 256h-75c-5.1 0-9.9 2.5-12.9 6.6L512 654.2 227.9 262.6c-3-4.1-7.8-6.6-12.9-6.6h-75c-6.5 0-10.3 7.4-6.5 12.7l352.6 486.1c12.8 17.6 39 17.6 51.7 0l352.6-486.1c3.9-5.3.1-12.7-6.4-12.7z"
            />
          </svg>
        </i>
      </div>
    </div>
    <ul
      class="ant-tree ant-tree-directory sc-bZQynM levuGt"
      role="tree"
      style="color: white;"
      unselectable="on"
    >
      <li
        class="sc-bxivhb iAyWlo ant-tree-treenode-switcher-open"
        role="treeitem"
        style="color: white;"
      >
        <span
          class="ant-tree-switcher ant-tree-switcher-noop"
        />
        <span
          class="ant-tree-node-content-wrapper ant-tree-node-content-wrapper-normal"
          title="ERC-20"
        >
          <span
            class="ant-tree-iconEle ant-tree-icon__customize"
          >
            <i
              aria-label="icon: file"
              class="anticon anticon-file"
            >
              <svg
                aria-hidden="true"
                class=""
                data-icon="file"
                fill="currentColor"
                focusable="false"
                height="1em"
                viewBox="64 64 896 896"
                width="1em"
              >
                <path
                  d="M854.6 288.6L639.4 73.4c-6-6-14.1-9.4-22.6-9.4H192c-17.7 0-32 14.3-32 32v832c0 17.7 14.3 32 32 32h640c17.7 0 32-14.3 32-32V311.3c0-8.5-3.4-16.7-9.4-22.7zM790.2 326H602V137.8L790.2 326zm1.8 562H232V136h302v216a42 42 0 0 0 42 42h216v494z"
                />
              </svg>
            </i>
          </span>
          <span
            class="ant-tree-title"
          >
            ERC-20
          </span>
        </span>
      </li>
      <li
        class="sc-bxivhb iAyWlo ant-tree-treenode-switcher-open"
        role="treeitem"
        style="color: white;"
      >
        <span
          class="ant-tree-switcher ant-tree-switcher-noop"
        />
        <span
          class="ant-tree-node-content-wrapper ant-tree-node-content-wrapper-normal"
          title="ERC-721"
        >
          <span
            class="ant-tree-iconEle ant-tree-icon__customize"
          >
            <i
              aria-label="icon: file"
              class="anticon anticon-file"
            >
              <svg
                aria-hidden="true"
                class=""
                data-icon="file"
                fill="currentColor"
                focusable="false"
                height="1em"
                viewBox="64 64 896 896"
                width="1em"
              >
                <path
                  d="M854.6 288.6L639.4 73.4c-6-6-14.1-9.4-22.6-9.4H192c-17.7 0-32 14.3-32 32v832c0 17.7 14.3 32 32 32h640c17.7 0 32-14.3 32-32V311.3c0-8.5-3.4-16.7-9.4-22.7zM790.2 326H602V137.8L790.2 326zm1.8 562H232V136h302v216a42 42 0 0 0 42 42h216v494z"
                />
              </svg>
            </i>
          </span>
          <span
            class="ant-tree-title"
          >
            ERC-721
          </span>
        </span>
      </li>
    </ul>
  </div>
</div>
`;
