// Jest Snapshot v1, https://goo.gl/fbAQLP

exports[`GenericTree renders connections tree snapshop 1`] = `
<div>
  <div
    style="overflow: scroll; height: 100%;"
  >
    <ul
      class="ant-menu sc-ifAKCX gJZuHy ant-menu-light ant-menu-root ant-menu-vertical"
      role="menu"
      style="position: absolute; left: 250px; top: 250px;"
    >
      <li
        class="ant-menu-item sc-EHOje jCAKrM"
        data-testid="connections-tree-rightclick-menu-option-deploy"
        role="menuitem"
      >
        Deploy
      </li>
      <li
        class="ant-menu-item sc-EHOje jCAKrM"
        data-testid="connections-tree-rightclick-menu-option-openconsole"
        role="menuitem"
      >
        Open Console
      </li>
    </ul>
    <div
      class="sc-bdVaJa cRJnvr"
    >
      <h3
        class="sc-bwzfXH boJNxd"
        data-testid="connections-tree-header"
      >
        Connections
      </h3>
      <div
        class="sc-htpNat cixthU sidebar-header"
      >
        <i
          aria-label="icon: plus"
          class="anticon anticon-plus"
          data-testid="connections-tree-plus"
          style="color: white; padding-right: 0.5em; margin-top: 0.1em;"
          tabindex="-1"
        >
          <svg
            aria-hidden="true"
            class=""
            data-icon="plus"
            fill="currentColor"
            focusable="false"
            height="1em"
            viewBox="64 64 896 896"
            width="1em"
          >
            <path
              d="M482 152h60q8 0 8 8v704q0 8-8 8h-60q-8 0-8-8V160q0-8 8-8z"
            />
            <path
              d="M176 474h672q8 0 8 8v60q0 8-8 8H176q-8 0-8-8v-60q0-8 8-8z"
            />
          </svg>
        </i>
      </div>
    </div>
    <ul
      class="ant-tree ant-tree-directory sc-bZQynM levuGt"
      role="tree"
      style="color: white;"
      unselectable="on"
    >
      <li
        class="sc-bxivhb iAyWlo ant-tree-treenode-switcher-open ant-tree-treenode-selected"
        role="treeitem"
        style="color: white;"
      >
        <span
          class="ant-tree-switcher ant-tree-switcher-noop"
        />
        <span
          class="ant-tree-node-content-wrapper ant-tree-node-content-wrapper-normal ant-tree-node-selected"
          title="Connection 1"
        >
          <span
            class="ant-tree-iconEle ant-tree-icon__customize"
          >
            <i
              aria-label="icon: database"
              class="anticon anticon-database"
            >
              <svg
                aria-hidden="true"
                class=""
                data-icon="database"
                fill="currentColor"
                focusable="false"
                height="1em"
                viewBox="64 64 896 896"
                width="1em"
              >
                <path
                  d="M832 64H192c-17.7 0-32 14.3-32 32v832c0 17.7 14.3 32 32 32h640c17.7 0 32-14.3 32-32V96c0-17.7-14.3-32-32-32zm-600 72h560v208H232V136zm560 480H232V408h560v208zm0 272H232V680h560v208zM304 240a40 40 0 1 0 80 0 40 40 0 1 0-80 0zm0 272a40 40 0 1 0 80 0 40 40 0 1 0-80 0zm0 272a40 40 0 1 0 80 0 40 40 0 1 0-80 0z"
                />
              </svg>
            </i>
          </span>
          <span
            class="ant-tree-title"
          >
            Connection 1
          </span>
        </span>
      </li>
      <li
        class="sc-bxivhb iAyWlo ant-tree-treenode-switcher-close"
        role="treeitem"
        style="color: white;"
      >
        <span
          class="ant-tree-switcher ant-tree-switcher-noop"
        />
        <span
          class="ant-tree-node-content-wrapper ant-tree-node-content-wrapper-normal"
          title="Connection 2"
        >
          <span
            class="ant-tree-iconEle ant-tree-icon__customize"
          >
            <i
              aria-label="icon: database"
              class="anticon anticon-database"
            >
              <svg
                aria-hidden="true"
                class=""
                data-icon="database"
                fill="currentColor"
                focusable="false"
                height="1em"
                viewBox="64 64 896 896"
                width="1em"
              >
                <path
                  d="M832 64H192c-17.7 0-32 14.3-32 32v832c0 17.7 14.3 32 32 32h640c17.7 0 32-14.3 32-32V96c0-17.7-14.3-32-32-32zm-600 72h560v208H232V136zm560 480H232V408h560v208zm0 272H232V680h560v208zM304 240a40 40 0 1 0 80 0 40 40 0 1 0-80 0zm0 272a40 40 0 1 0 80 0 40 40 0 1 0-80 0zm0 272a40 40 0 1 0 80 0 40 40 0 1 0-80 0z"
                />
              </svg>
            </i>
          </span>
          <span
            class="ant-tree-title"
          >
            Connection 2
          </span>
        </span>
      </li>
    </ul>
  </div>
</div>
`;
