// Jest Snapshot v1, https://goo.gl/fbAQLP

exports[`GenericModal renders a modal 1`] = `
<body
  style="overflow: hidden;"
>
  <div />
  <div>
    <div>
      <div
        class="ant-modal-mask fade-appear"
      />
      <div
        aria-labelledby="rcDialogTitle1"
        class="ant-modal-wrap "
        role="dialog"
        tabindex="-1"
      >
        <div
          class="ant-modal zoom-appear"
          role="document"
          style="width: 500px;"
        >
          <div
            aria-hidden="true"
            style="width: 0px; height: 0px; overflow: hidden;"
            tabindex="0"
          />
          <div
            class="ant-modal-content"
          >
            <button
              aria-label="Close"
              class="ant-modal-close"
              type="button"
            >
              <span
                class="ant-modal-close-x"
              >
                <i
                  aria-label="icon: close"
                  class="anticon anticon-close ant-modal-close-icon"
                >
                  <svg
                    aria-hidden="true"
                    class=""
                    data-icon="close"
                    fill="currentColor"
                    focusable="false"
                    height="1em"
                    viewBox="64 64 896 896"
                    width="1em"
                  >
                    <path
                      d="M563.8 512l262.5-312.9c4.4-5.2.7-13.1-6.1-13.1h-79.8c-4.7 0-9.2 2.1-12.3 5.7L511.6 449.8 295.1 191.7c-3-3.6-7.5-5.7-12.3-5.7H203c-6.8 0-10.5 7.9-6.1 13.1L459.4 512 196.9 824.9A7.95 7.95 0 0 0 203 838h79.8c4.7 0 9.2-2.1 12.3-5.7l216.5-258.1 216.5 258.1c3 3.6 7.5 5.7 12.3 5.7h79.8c6.8 0 10.5-7.9 6.1-13.1L563.8 512z"
                    />
                  </svg>
                </i>
              </span>
            </button>
            <div
              class="ant-modal-header"
            >
              <div
                class="ant-modal-title"
                id="rcDialogTitle1"
              >
                modal title
              </div>
            </div>
            <div
              class="ant-modal-body"
            >
              <div>
                <form
                  class="ant-form ant-form-horizontal"
                  id="modalid"
                >
                  <div
                    class="ant-row ant-form-item"
                  >
                    <div
                      class="ant-col ant-form-item-label"
                    >
                      <label
                        class=""
                        for="name"
                        title="Name"
                      >
                        Name
                      </label>
                    </div>
                    <div
                      class="ant-col ant-form-item-control-wrapper"
                    >
                      <div
                        class="ant-form-item-control"
                      >
                        <span
                          class="ant-form-item-children"
                        >
                          <input
                            class="ant-input ant-input-lg"
                            data-testid="input-name"
                            id="name"
                            name="name"
                            placeholder="Name"
                            type="text"
                            value=""
                          />
                        </span>
                      </div>
                    </div>
                  </div>
                  <div
                    class="ant-row ant-form-item"
                  >
                    <div
                      class="ant-col ant-form-item-label"
                    >
                      <label
                        class=""
                        for="url"
                        title="Url"
                      >
                        Url
                      </label>
                    </div>
                    <div
                      class="ant-col ant-form-item-control-wrapper"
                    >
                      <div
                        class="ant-form-item-control"
                      >
                        <span
                          class="ant-form-item-children"
                        >
                          <input
                            class="ant-input ant-input-lg"
                            data-testid="input-url"
                            id="url"
                            name="url"
                            placeholder="Url"
                            type="text"
                            value=""
                          />
                        </span>
                      </div>
                    </div>
                  </div>
                </form>
              </div>
            </div>
            <div
              class="ant-modal-footer"
            >
              <button
                class="ant-btn"
                data-testid="cancel-button-modalid"
                type="button"
              >
                <span>
                  Cancel
                </span>
              </button>
              <button
                class="ant-btn ant-btn-primary ant-btn-loading"
                data-testid="submit-button-modalid"
                form="modalid"
                type="submit"
              >
                <i
                  aria-label="icon: loading"
                  class="anticon anticon-loading"
                >
                  <svg
                    aria-hidden="true"
                    class="anticon-spin"
                    data-icon="loading"
                    fill="currentColor"
                    focusable="false"
                    height="1em"
                    viewBox="0 0 1024 1024"
                    width="1em"
                  >
                    <path
                      d="M988 548c-19.9 0-36-16.1-36-36 0-59.4-11.6-117-34.6-171.3a440.45 440.45 0 0 0-94.3-139.9 437.71 437.71 0 0 0-139.9-94.3C629 83.6 571.4 72 512 72c-19.9 0-36-16.1-36-36s16.1-36 36-36c69.1 0 136.2 13.5 199.3 40.3C772.3 66 827 103 874 150c47 47 83.9 101.8 109.7 162.7 26.7 63.1 40.2 130.2 40.2 199.3.1 19.9-16 36-35.9 36z"
                    />
                  </svg>
                </i>
                <span>
                  Save
                </span>
              </button>
            </div>
          </div>
          <div
            aria-hidden="true"
            style="width: 0px; height: 0px; overflow: hidden;"
            tabindex="0"
          />
        </div>
      </div>
    </div>
  </div>
</body>
`;
