// Jest Snapshot v1, https://goo.gl/fbAQLP

exports[`Navbar renders navbar snapshot 1`] = `
"<style>
      [ant-click-animating-without-extra-node='true']::after, .ant-click-animating-node {
        --antd-wave-shadow-color: buttonface;
      }</style><div><header class=\\"sc-bdVaJa bUbuxh\\"><div class=\\"sc-bwzfXH hIAJaZ\\"><div class=\\"ant-btn-group sc-htpNat jVmkYh\\"><button data-testid=\\"button-navbar-new\\" type=\\"button\\" class=\\"ant-btn sc-bxivhb eqTrKp ant-btn-primary ant-btn-sm\\"><i aria-label=\\"icon: plus\\" class=\\"anticon anticon-plus\\"><svg viewBox=\\"64 64 896 896\\" focusable=\\"false\\" class=\\"\\" data-icon=\\"plus\\" width=\\"1em\\" height=\\"1em\\" fill=\\"currentColor\\" aria-hidden=\\"true\\"><path d=\\"M482 152h60q8 0 8 8v704q0 8-8 8h-60q-8 0-8-8V160q0-8 8-8z\\"></path><path d=\\"M176 474h672q8 0 8 8v60q0 8-8 8H176q-8 0-8-8v-60q0-8 8-8z\\"></path></svg></i><span>New</span></button><button data-testid=\\"navbar-menu\\" type=\\"button\\" class=\\"ant-btn sc-bxivhb eqTrKp ant-dropdown-trigger ant-dropdown-open ant-btn-primary ant-btn-sm\\" style=\\"\\"><i aria-label=\\"icon: down\\" class=\\"anticon anticon-down\\"><svg viewBox=\\"64 64 896 896\\" focusable=\\"false\\" class=\\"\\" data-icon=\\"down\\" width=\\"1em\\" height=\\"1em\\" fill=\\"currentColor\\" aria-hidden=\\"true\\"><path d=\\"M884 256h-75c-5.1 0-9.9 2.5-12.9 6.6L512 654.2 227.9 262.6c-3-4.1-7.8-6.6-12.9-6.6h-75c-6.5 0-10.3 7.4-6.5 12.7l352.6 486.1c12.8 17.6 39 17.6 51.7 0l352.6-486.1c3.9-5.3.1-12.7-6.4-12.7z\\"></path></svg></i></button></div></div><h1 class=\\"sc-ifAKCX iKPNWQ\\">Solid Studio 1.0</h1></header></div><div style=\\"position: absolute; top: 0px; left: 0px; width: 100%;\\"><div><div class=\\"ant-dropdown ant-dropdown-placement-bottomLeft\\" style=\\"left: -999px; top: -969px;\\"><ul class=\\"ant-dropdown-menu ant-dropdown-menu-light ant-dropdown-menu-root ant-dropdown-menu-vertical\\" role=\\"menu\\" tabindex=\\"0\\"><li data-testid=\\"navbar-menu-contract\\" class=\\"ant-dropdown-menu-item\\" role=\\"menuitem\\">Contract Definition</li><li data-testid=\\"navbar-menu-connection\\" class=\\"ant-dropdown-menu-item\\" role=\\"menuitem\\">Connection</li></ul></div></div></div>"
`;
