// Jest Snapshot v1, https://goo.gl/fbAQLP

exports[`GenericModal renders a modal 1`] = `
<body
  style="overflow: hidden;"
>
  <div />
  <div>
    <div>
      <div
        class="ant-modal-mask fade-appear"
      />
      <div
        aria-labelledby="rcDialogTitle0"
        class="ant-modal-wrap "
        role="dialog"
        tabindex="-1"
      >
        <div
          class="ant-modal zoom-appear"
          role="document"
          style="width: 500px;"
        >
          <div
            aria-hidden="true"
            style="width: 0px; height: 0px; overflow: hidden;"
            tabindex="0"
          />
          <div
            class="ant-modal-content"
          >
            <button
              aria-label="Close"
              class="ant-modal-close"
              type="button"
            >
              <span
                class="ant-modal-close-x"
              >
                <i
                  aria-label="icon: close"
                  class="anticon anticon-close ant-modal-close-icon"
                >
                  <svg
                    aria-hidden="true"
                    class=""
                    data-icon="close"
                    fill="currentColor"
                    focusable="false"
                    height="1em"
                    viewBox="64 64 896 896"
                    width="1em"
                  >
                    <path
                      d="M563.8 512l262.5-312.9c4.4-5.2.7-13.1-6.1-13.1h-79.8c-4.7 0-9.2 2.1-12.3 5.7L511.6 449.8 295.1 191.7c-3-3.6-7.5-5.7-12.3-5.7H203c-6.8 0-10.5 7.9-6.1 13.1L459.4 512 196.9 824.9A7.95 7.95 0 0 0 203 838h79.8c4.7 0 9.2-2.1 12.3-5.7l216.5-258.1 216.5 258.1c3 3.6 7.5 5.7 12.3 5.7h79.8c6.8 0 10.5-7.9 6.1-13.1L563.8 512z"
                    />
                  </svg>
                </i>
              </span>
            </button>
            <div
              class="ant-modal-header"
            >
              <div
                class="ant-modal-title"
                id="rcDialogTitle0"
              >
                Add Connection
              </div>
            </div>
            <div
              class="ant-modal-body"
            >
              <div>
                <form
                  class="ant-form ant-form-horizontal"
                  id="CONNECTION_FORM"
                >
                  <div
                    class="ant-row ant-form-item"
                  >
                    <div
                      class="ant-col ant-form-item-label"
                    >
                      <label
                        class=""
                        for="name"
                        title="Name"
                      >
                        Name
                      </label>
                    </div>
                    <div
                      class="ant-col ant-form-item-control-wrapper"
                    >
                      <div
                        class="ant-form-item-control"
                      >
                        <span
                          class="ant-form-item-children"
                        >
                          <input
                            class="ant-input ant-input-lg"
                            data-testid="input-name"
                            id="name"
                            name="name"
                            placeholder="name"
                            type="text"
                            value=""
                          />
                        </span>
                      </div>
                    </div>
                  </div>
                  <div
                    class="ant-row ant-form-item"
                  >
                    <div
                      class="ant-col ant-form-item-label"
                    >
                      <label
                        class=""
                        title="Type"
                      >
                        Type
                      </label>
                    </div>
                    <div
                      class="ant-col ant-form-item-control-wrapper"
                    >
                      <div
                        class="ant-form-item-control"
                      >
                        <span
                          class="ant-form-item-children"
                        >
                          <div
                            class="ant-radio-group ant-radio-group-outline"
                          >
                            <label
                              class="ant-radio-button-wrapper ant-radio-button-wrapper-checked"
                            >
                              <span
                                class="ant-radio-button ant-radio-button-checked"
                              >
                                <input
                                  checked=""
                                  class="ant-radio-button-input"
                                  name="type"
                                  type="radio"
                                  value="Private"
                                />
                                <span
                                  class="ant-radio-button-inner"
                                />
                              </span>
                              <span>
                                Private
                              </span>
                            </label>
                            <label
                              class="ant-radio-button-wrapper"
                            >
                              <span
                                class="ant-radio-button"
                              >
                                <input
                                  class="ant-radio-button-input"
                                  name="type"
                                  type="radio"
                                  value="Public"
                                />
                                <span
                                  class="ant-radio-button-inner"
                                />
                              </span>
                              <span>
                                Public
                              </span>
                            </label>
                          </div>
                        </span>
                      </div>
                    </div>
                  </div>
                  <div />
                  <div
                    class="ant-row ant-form-item"
                  >
                    <div
                      class="ant-col ant-form-item-label"
                    >
                      <label
                        class=""
                        for="url"
                        title="Blockchain URL"
                      >
                        Blockchain URL
                      </label>
                    </div>
                    <div
                      class="ant-col ant-form-item-control-wrapper"
                    >
                      <div
                        class="ant-form-item-control"
                      >
                        <span
                          class="ant-form-item-children"
                        >
                          <input
                            class="ant-input ant-input-lg"
                            data-testid="input-url"
                            id="url"
                            name="url"
                            placeholder="JSON RPC endpoint"
                            type="text"
                            value=""
                          />
                        </span>
                      </div>
                    </div>
                  </div>
                </form>
              </div>
            </div>
            <div
              class="ant-modal-footer"
            >
              <button
                class="ant-btn"
                data-testid="cancel-button-CONNECTION_FORM"
                type="button"
              >
                <span>
                  Cancel
                </span>
              </button>
              <button
                class="ant-btn ant-btn-primary"
                data-testid="submit-button-CONNECTION_FORM"
                form="CONNECTION_FORM"
                type="submit"
              >
                <span>
                  Save
                </span>
              </button>
            </div>
          </div>
          <div
            aria-hidden="true"
            style="width: 0px; height: 0px; overflow: hidden;"
            tabindex="0"
          />
        </div>
      </div>
    </div>
  </div>
</body>
`;
